% git init --bare -b trunk /tmp/guilt test/test sub.git
Initialized empty Git repository in /tmp/guilt test/test sub.git/
% git clone test sub.git copy
Cloning into 'copy'...
warning: You appear to have cloned an empty repository.
done.
% git add README
% git commit -mInitial commit of sub
[trunk (root-commit) a7e7183] Initial commit of sub
 Author: Author Name <author@email>
 1 file changed, 1 insertion(+)
 create mode 100644 README
% test abc = abc
% git add README
% git commit -mExtend README
[trunk d62f973] Extend README
 Author: Author Name <author@email>
 1 file changed, 1 insertion(+)
% test abc def = abc def
% git add README
% git commit -mRefine README
[trunk 6ddad03] Refine README
 Author: Author Name <author@email>
 1 file changed, 1 insertion(+)
% git push
To /tmp/guilt test/test sub.git
 * [new branch]      trunk -> trunk
% test abc def ghi = abc def ghi
% git checkout -b feature HEAD^^
Switched to a new branch 'feature'
% git add README
% git commit -mFeaturize README
[feature 8fd146e] Featurize README
 Author: Author Name <author@email>
 1 file changed, 1 insertion(+)
% git push origin feature
To /tmp/guilt test/test sub.git
 * [new branch]      feature -> feature
% setup_git_repo
% guilt init
% list_files
d .git/patches
d .git/patches/master
f da39a3ee5e6b4b0d3255bfef95601890afd80709  .git/patches/master/series
f da39a3ee5e6b4b0d3255bfef95601890afd80709  .git/patches/master/status
% guilt new add-submodule
% git -c protocol.file.allow=always submodule add /tmp/guilt test/test sub.git sub
Cloning into 'PATH/sub'...
done.
% git -c advice.detachedHead=false checkout HEAD^^
HEAD is now at a7e7183 Initial commit of sub
% guilt ref
Patch add-submodule refreshed
% cat sub/README
abc
% guilt pop
Cleared directory 'sub'
Submodule 'sub' (/tmp/guilt test/test sub.git) unregistered for path 'sub'
All patches popped.
% cat sub/README
cat: sub/README: No such file or directory
% list_files
d .git/patches
d .git/patches/master
f 47983ec5d6a525558c6c7ab031dfa14d7d039c2e  .git/patches/master/add-submodule
f 5de5033dfe3b3d85722765bd23411d5b5025fd1b  .git/patches/master/series
f da39a3ee5e6b4b0d3255bfef95601890afd80709  .git/patches/master/add-submodule~
f da39a3ee5e6b4b0d3255bfef95601890afd80709  .git/patches/master/status
% git status --porcelain
% guilt push
Applying patch..add-submodule
Submodule 'sub' (/tmp/guilt test/test sub.git) registered for path 'sub'
Submodule path 'sub': checked out 'a7e7183eb4d21bb19f54a6a25cc590843ebf578c'
Patch applied.
% list_files
d .git/patches
d .git/patches/master
f 47983ec5d6a525558c6c7ab031dfa14d7d039c2e  .git/patches/master/add-submodule
f 5de5033dfe3b3d85722765bd23411d5b5025fd1b  .git/patches/master/series
f 5de5033dfe3b3d85722765bd23411d5b5025fd1b  .git/patches/master/status
f da39a3ee5e6b4b0d3255bfef95601890afd80709  .git/patches/master/add-submodule~
r 8b121046333c367b81bd566d4b3536ce7cb93bb3  .git/refs/patches/master/add-submodule
% cat sub/README
abc
% guilt pop
Uncommited changes detected. Refresh first.
% guilt pop
Uncommited changes detected. Refresh first.
% git checkout trunk^
Previous HEAD position was a7e7183 Initial commit of sub
HEAD is now at d62f973 Extend README
% guilt pop
Uncommited changes detected. Refresh first.
% git checkout trunk^^
Previous HEAD position was d62f973 Extend README
HEAD is now at a7e7183 Initial commit of sub
% guilt pop
Cleared directory 'sub'
Submodule 'sub' (/tmp/guilt test/test sub.git) unregistered for path 'sub'
All patches popped.
% guilt push
Applying patch..add-submodule
Submodule 'sub' (/tmp/guilt test/test sub.git) registered for path 'sub'
Submodule path 'sub': checked out 'a7e7183eb4d21bb19f54a6a25cc590843ebf578c'
Patch applied.
% guilt new local-changes
% git add z
% guilt ref
Patch local-changes refreshed
% guilt series
add-submodule
local-changes
% guilt pop
Now at add-submodule.
% list_files
d .git/patches
d .git/patches/master
f 47983ec5d6a525558c6c7ab031dfa14d7d039c2e  .git/patches/master/add-submodule
f 4f9332dc0fef887588d95141dd620ed6d0cbd60a  .git/patches/master/series
f 5de5033dfe3b3d85722765bd23411d5b5025fd1b  .git/patches/master/status
f a4bcea8116a3ed6d5cd588051c2028e54443000d  .git/patches/master/local-changes
f da39a3ee5e6b4b0d3255bfef95601890afd80709  .git/patches/master/add-submodule~
f da39a3ee5e6b4b0d3255bfef95601890afd80709  .git/patches/master/local-changes~
r 8b121046333c367b81bd566d4b3536ce7cb93bb3  .git/refs/patches/master/add-submodule
% guilt push
Uncommited changes detected. Refresh first.
% guilt push
Uncommited changes detected. Refresh first.
% git checkout trunk^
Previous HEAD position was a7e7183 Initial commit of sub
HEAD is now at d62f973 Extend README
% guilt push
Uncommited changes detected. Refresh first.
% git checkout trunk^^
Previous HEAD position was d62f973 Extend README
HEAD is now at a7e7183 Initial commit of sub
% guilt push
Applying patch..local-changes
Patch applied.
% guilt series
add-submodule
local-changes
% test abc = abc
% guilt new update-sub
% git checkout trunk^
Previous HEAD position was a7e7183 Initial commit of sub
HEAD is now at d62f973 Extend README
% test abc def = abc def
% guilt ref
Patch update-sub refreshed
% guilt pop
Submodule path 'sub': checked out 'a7e7183eb4d21bb19f54a6a25cc590843ebf578c'
Now at local-changes.
% list_files
d .git/patches
d .git/patches/master
f 47983ec5d6a525558c6c7ab031dfa14d7d039c2e  .git/patches/master/add-submodule
f 4f9332dc0fef887588d95141dd620ed6d0cbd60a  .git/patches/master/status
f 98bf8b29e2c5ae1049cca9edcbc25d69e7acb4a3  .git/patches/master/update-sub
f a4bcea8116a3ed6d5cd588051c2028e54443000d  .git/patches/master/local-changes
f da39a3ee5e6b4b0d3255bfef95601890afd80709  .git/patches/master/add-submodule~
f da39a3ee5e6b4b0d3255bfef95601890afd80709  .git/patches/master/local-changes~
f da39a3ee5e6b4b0d3255bfef95601890afd80709  .git/patches/master/update-sub~
f e06272da0dc999269d387dd5ec3882451e5744c2  .git/patches/master/series
r 8b121046333c367b81bd566d4b3536ce7cb93bb3  .git/refs/patches/master/add-submodule
r fbae6ca931b4c88f12fb694fbecace54c210ec95  .git/refs/patches/master/local-changes
% test abc = abc
% guilt series
add-submodule
local-changes
update-sub
% guilt applied
add-submodule
local-changes
% guilt push
Applying patch..update-sub
Previous HEAD position was a7e7183 Initial commit of sub
HEAD is now at d62f973 Extend README
[guilt/master 22853c8] patch update-sub
 Author: Author Name <author@email>
 Date: Mon Jan 1 00:00:00 2007 +0000
 1 file changed, 1 insertion(+), 1 deletion(-)
Patch applied.
% guilt applied
add-submodule
local-changes
update-sub
% test abc def = abc def
% list_files
d .git/patches
d .git/patches/master
f 47983ec5d6a525558c6c7ab031dfa14d7d039c2e  .git/patches/master/add-submodule
f 98bf8b29e2c5ae1049cca9edcbc25d69e7acb4a3  .git/patches/master/update-sub
f a4bcea8116a3ed6d5cd588051c2028e54443000d  .git/patches/master/local-changes
f da39a3ee5e6b4b0d3255bfef95601890afd80709  .git/patches/master/add-submodule~
f da39a3ee5e6b4b0d3255bfef95601890afd80709  .git/patches/master/local-changes~
f da39a3ee5e6b4b0d3255bfef95601890afd80709  .git/patches/master/update-sub~
f e06272da0dc999269d387dd5ec3882451e5744c2  .git/patches/master/series
f e06272da0dc999269d387dd5ec3882451e5744c2  .git/patches/master/status
r 22853c81644b0c41d6fb5f372e4186281cf9ecea  .git/refs/patches/master/update-sub
r 8b121046333c367b81bd566d4b3536ce7cb93bb3  .git/refs/patches/master/add-submodule
r fbae6ca931b4c88f12fb694fbecace54c210ec95  .git/refs/patches/master/local-changes
% git status --porcelain
% guilt pop
Submodule path 'sub': checked out 'a7e7183eb4d21bb19f54a6a25cc590843ebf578c'
Now at local-changes.
% test abc = abc
% list_files
d .git/patches
d .git/patches/master
f 47983ec5d6a525558c6c7ab031dfa14d7d039c2e  .git/patches/master/add-submodule
f 4f9332dc0fef887588d95141dd620ed6d0cbd60a  .git/patches/master/status
f 98bf8b29e2c5ae1049cca9edcbc25d69e7acb4a3  .git/patches/master/update-sub
f a4bcea8116a3ed6d5cd588051c2028e54443000d  .git/patches/master/local-changes
f da39a3ee5e6b4b0d3255bfef95601890afd80709  .git/patches/master/add-submodule~
f da39a3ee5e6b4b0d3255bfef95601890afd80709  .git/patches/master/local-changes~
f da39a3ee5e6b4b0d3255bfef95601890afd80709  .git/patches/master/update-sub~
f e06272da0dc999269d387dd5ec3882451e5744c2  .git/patches/master/series
r 8b121046333c367b81bd566d4b3536ce7cb93bb3  .git/refs/patches/master/add-submodule
r fbae6ca931b4c88f12fb694fbecace54c210ec95  .git/refs/patches/master/local-changes
% git status --porcelain
% guilt push
Applying patch..update-sub
Previous HEAD position was a7e7183 Initial commit of sub
HEAD is now at d62f973 Extend README
[guilt/master 22853c8] patch update-sub
 Author: Author Name <author@email>
 Date: Mon Jan 1 00:00:00 2007 +0000
 1 file changed, 1 insertion(+), 1 deletion(-)
Patch applied.
% git checkout feature
Previous HEAD position was d62f973 Extend README
Switched to a new branch 'feature'
branch 'feature' set up to track 'origin/feature'.
% test abc jkl = abc jkl
% guilt new use-feature
Uncommited changes detected. Refresh first.
% guilt new -f use-feature
% guilt pop
Submodule path 'sub': checked out 'd62f97387ef4cd200a4c5490358b6913b457e603'
Now at update-sub.
% guilt push
Applying patch..use-feature
Previous HEAD position was d62f973 Extend README
HEAD is now at 8fd146e Featurize README
[guilt/master fad0854] patch use-feature
 Author: Author Name <author@email>
 Date: Mon Jan 1 00:00:00 2007 +0000
 1 file changed, 1 insertion(+), 1 deletion(-)
Patch applied.
% list_files
d .git/patches
d .git/patches/master
f 47983ec5d6a525558c6c7ab031dfa14d7d039c2e  .git/patches/master/add-submodule
f 98bf8b29e2c5ae1049cca9edcbc25d69e7acb4a3  .git/patches/master/update-sub
f a4bcea8116a3ed6d5cd588051c2028e54443000d  .git/patches/master/local-changes
f ced247018c07c1e911a4a8d9c12ce85c5f37fe7b  .git/patches/master/series
f ced247018c07c1e911a4a8d9c12ce85c5f37fe7b  .git/patches/master/status
f da39a3ee5e6b4b0d3255bfef95601890afd80709  .git/patches/master/add-submodule~
f da39a3ee5e6b4b0d3255bfef95601890afd80709  .git/patches/master/local-changes~
f da39a3ee5e6b4b0d3255bfef95601890afd80709  .git/patches/master/update-sub~
f fe34b55263c76b2b4f374f1aa293105cc42a9002  .git/patches/master/use-feature
r 22853c81644b0c41d6fb5f372e4186281cf9ecea  .git/refs/patches/master/update-sub
r 8b121046333c367b81bd566d4b3536ce7cb93bb3  .git/refs/patches/master/add-submodule
r fad0854bd2915f4b66cab5c08f05ad1ffa40665d  .git/refs/patches/master/use-feature
r fbae6ca931b4c88f12fb694fbecace54c210ec95  .git/refs/patches/master/local-changes
% q pop -a
Cleared directory 'sub'
Submodule 'sub' (/tmp/guilt test/test sub.git) unregistered for path 'sub'
All patches popped.
% test -d sub
% q push -a
Applying patch..add-submodule
Submodule 'sub' (/tmp/guilt test/test sub.git) registered for path 'sub'
Submodule path 'sub': checked out 'a7e7183eb4d21bb19f54a6a25cc590843ebf578c'
Patch applied.
Applying patch..local-changes
Patch applied.
Applying patch..update-sub
Previous HEAD position was a7e7183 Initial commit of sub
HEAD is now at d62f973 Extend README
[guilt/master 22853c8] patch update-sub
 Author: Author Name <author@email>
 Date: Mon Jan 1 00:00:00 2007 +0000
 1 file changed, 1 insertion(+), 1 deletion(-)
Patch applied.
Applying patch..use-feature
Previous HEAD position was d62f973 Extend README
HEAD is now at 8fd146e Featurize README
[guilt/master fad0854] patch use-feature
 Author: Author Name <author@email>
 Date: Mon Jan 1 00:00:00 2007 +0000
 1 file changed, 1 insertion(+), 1 deletion(-)
Patch applied.
% test -d sub
% test abc jkl = abc jkl
